2025-11-19 14:08:25,615 [INFO ]  Downloading Docker image egardner413/mrcepid-burdentesting:v2
2025-11-19 14:08:26,281 [ERROR]  The following cmd failed:
2025-11-19 14:08:26,283 [ERROR]  docker pull egardner413/mrcepid-burdentesting:v2
2025-11-19 14:08:26,284 [ERROR]  STDOUT follows
2025-11-19 14:08:26,285 [ERROR]  STDERR follows

2025-11-19 14:08:26,286 [ERROR]  permission denied while trying to connect to the Docker daemon socket at unix:///Users/alish.palmos/.docker/run/docker.sock: Post "http://%2FUsers%2Falish.palmos%2F.docker%2Frun%2Fdocker.sock/v1.51/images/create?fromImage=docker.io%2Fegardner413%2Fmrcepid-burdentesting&tag=v2": dial unix /Users/alish.palmos/.docker/run/docker.sock: connect: operation not permitted

2025-11-19 14:14:30,404 [INFO ]  Downloading Docker image egardner413/mrcepid-burdentesting:v2
2025-11-19 14:14:30,860 [ERROR]  The following cmd failed:
2025-11-19 14:14:30,861 [ERROR]  docker pull egardner413/mrcepid-burdentesting:v2
2025-11-19 14:14:30,863 [ERROR]  STDOUT follows
2025-11-19 14:14:30,864 [ERROR]  STDERR follows

2025-11-19 14:14:30,865 [ERROR]  permission denied while trying to connect to the Docker daemon socket at unix:///Users/alish.palmos/.docker/run/docker.sock: Post "http://%2FUsers%2Falish.palmos%2F.docker%2Frun%2Fdocker.sock/v1.51/images/create?fromImage=docker.io%2Fegardner413%2Fmrcepid-burdentesting&tag=v2": dial unix /Users/alish.palmos/.docker/run/docker.sock: connect: operation not permitted

2025-11-26 10:02:30,102 [INFO ]  gene_id – chr1:65947:A:G – looks like a variant... 
2025-11-26 10:02:30,103 [INFO ]  Found gene OR4F5 (ENST00000641515) for variant chr1:65947:A:G
2025-11-26 10:02:30,103 [INFO ]  Found ENST00000641515 in chunk chr1_chunk1 (chromosome(s): {'1'})
2025-11-26 10:02:30,110 [INFO ]  gene_id – chr1:60015277:T:A – looks like a variant... 
2025-11-26 10:02:30,111 [INFO ]  Found gene C1orf87 (ENST00000371201) for variant chr1:60015277:T:A
2025-11-26 10:02:30,122 [INFO ]  Found ENST00000371201 in chunk chr1_chunk3 (chromosome(s): {'1'})
2025-11-26 10:02:31,491 [WARNI]  gene_id – OR4F5 – does not look like an ENST value, searching for symbol instead...
2025-11-26 10:02:31,492 [INFO ]  Found one matching ENST (ENST00000641515 - chr1:65419-71585) for SYMBOL OR4F5... proceeding...
2025-11-26 10:02:31,492 [INFO ]  Found ENST00000641515 in chunk chr1_chunk1 (chromosome(s): {'1'})
2025-11-26 10:02:31,499 [WARNI]  gene_id – MATN1 – does not look like an ENST value, searching for symbol instead...
2025-11-26 10:02:31,500 [INFO ]  Found one matching ENST (ENST00000373765 - chr1:30711277-30723585) for SYMBOL MATN1... proceeding...
2025-11-26 10:02:31,507 [INFO ]  Found ENST00000373765 in chunk chr1_chunk2 (chromosome(s): {'1'})
2025-11-26 10:02:38,227 [INFO ]  Loading tarball prefix: HC_PTV-MAF_001
2025-11-26 10:02:38,227 [INFO ]  Loading tarball prefix: HC_PTV-MAF_001
2025-11-26 10:02:39,226 [INFO ]  Finished loading tarball prefix: HC_PTV-MAF_001
2025-11-26 10:02:39,271 [INFO ]  Finished loading tarball prefix: HC_PTV-MAF_001
2025-11-26 10:05:07,593 [WARNI]  gene_id – OR4F5 – does not look like an ENST value, searching for symbol instead...
2025-11-26 10:05:07,595 [INFO ]  Found one matching ENST (ENST00000641515 - chr1:65419-71585) for SYMBOL OR4F5... proceeding...
2025-11-26 10:05:07,595 [INFO ]  Found ENST00000641515 in chunk chr1_chunk1 (chromosome(s): {'1'})
2025-11-26 10:05:07,602 [WARNI]  gene_id – MATN1 – does not look like an ENST value, searching for symbol instead...
2025-11-26 10:05:07,603 [INFO ]  Found one matching ENST (ENST00000373765 - chr1:30711277-30723585) for SYMBOL MATN1... proceeding...
2025-11-26 10:05:07,609 [INFO ]  Found ENST00000373765 in chunk chr1_chunk2 (chromosome(s): {'1'})
2025-11-26 10:05:14,427 [INFO ]  Loading tarball prefix: HC_PTV-MAF_001
2025-11-26 10:05:14,427 [INFO ]  Loading tarball prefix: HC_PTV-MAF_001
2025-11-26 10:05:15,434 [INFO ]  Finished loading tarball prefix: HC_PTV-MAF_001
2025-11-26 10:05:15,485 [INFO ]  Finished loading tarball prefix: HC_PTV-MAF_001
2025-11-26 10:05:57,642 [WARNI]  gene_id – OR4F5 – does not look like an ENST value, searching for symbol instead...
2025-11-26 10:05:57,643 [INFO ]  Found one matching ENST (ENST00000641515 - chr1:65419-71585) for SYMBOL OR4F5... proceeding...
2025-11-26 10:05:57,644 [INFO ]  Found ENST00000641515 in chunk chr1_chunk1 (chromosome(s): {'1'})
2025-11-26 10:05:57,650 [WARNI]  gene_id – MATN1 – does not look like an ENST value, searching for symbol instead...
2025-11-26 10:05:57,651 [INFO ]  Found one matching ENST (ENST00000373765 - chr1:30711277-30723585) for SYMBOL MATN1... proceeding...
2025-11-26 10:05:57,658 [INFO ]  Found ENST00000373765 in chunk chr1_chunk2 (chromosome(s): {'1'})
2025-11-26 10:06:04,923 [INFO ]  Loading tarball prefix: HC_PTV-MAF_001
2025-11-26 10:06:04,924 [INFO ]  Loading tarball prefix: HC_PTV-MAF_001
2025-11-26 10:06:05,870 [INFO ]  Finished loading tarball prefix: HC_PTV-MAF_001
2025-11-26 10:06:05,915 [INFO ]  Finished loading tarball prefix: HC_PTV-MAF_001
2025-11-26 10:06:56,889 [WARNI]  gene_id – OR4F5 – does not look like an ENST value, searching for symbol instead...
2025-11-26 10:06:56,891 [INFO ]  Found one matching ENST (ENST00000641515 - chr1:65419-71585) for SYMBOL OR4F5... proceeding...
2025-11-26 10:06:56,891 [INFO ]  Found ENST00000641515 in chunk chr1_chunk1 (chromosome(s): {'1'})
2025-11-26 10:06:56,897 [WARNI]  gene_id – MATN1 – does not look like an ENST value, searching for symbol instead...
2025-11-26 10:06:56,898 [INFO ]  Found one matching ENST (ENST00000373765 - chr1:30711277-30723585) for SYMBOL MATN1... proceeding...
2025-11-26 10:06:56,905 [INFO ]  Found ENST00000373765 in chunk chr1_chunk2 (chromosome(s): {'1'})
2025-11-26 10:07:04,100 [INFO ]  Loading tarball prefix: HC_PTV-MAF_001
2025-11-26 10:07:04,128 [INFO ]  Loading tarball prefix: HC_PTV-MAF_001
2025-11-26 10:07:05,079 [INFO ]  Finished loading tarball prefix: HC_PTV-MAF_001
2025-11-26 10:07:05,144 [INFO ]  Finished loading tarball prefix: HC_PTV-MAF_001
2025-12-04 16:01:31,520 [WARNI]  gene_id – OR4F5 – does not look like an ENST value, searching for symbol instead...
2025-12-04 16:01:31,520 [INFO ]  Found one matching ENST (ENST00000641515 - chr1:65419-71585) for SYMBOL OR4F5... proceeding...
2025-12-04 16:01:31,521 [INFO ]  Found ENST00000641515 in chunk chr1_chunk1 (chromosome(s): {'1'})
2025-12-04 16:01:31,527 [WARNI]  gene_id – MATN1 – does not look like an ENST value, searching for symbol instead...
2025-12-04 16:01:31,528 [INFO ]  Found one matching ENST (ENST00000373765 - chr1:30711277-30723585) for SYMBOL MATN1... proceeding...
2025-12-04 16:01:31,534 [INFO ]  Found ENST00000373765 in chunk chr1_chunk2 (chromosome(s): {'1'})
2025-12-04 16:01:36,138 [INFO ]  Loading tarball prefix: HC_PTV-MAF_001
2025-12-04 16:01:36,148 [INFO ]  Loading tarball prefix: HC_PTV-MAF_001
2025-12-04 16:01:37,069 [INFO ]  Finished loading tarball prefix: HC_PTV-MAF_001
2025-12-04 16:01:37,170 [INFO ]  Finished loading tarball prefix: HC_PTV-MAF_001
2025-12-04 16:01:44,504 [INFO ]  Processing gene ENST00000641515 with 52 variants
2025-12-04 16:01:44,513 [INFO ]  Processing gene ENST00000373765 with 6 variants
2025-12-04 16:06:39,187 [WARNI]  gene_id – OR4F5 – does not look like an ENST value, searching for symbol instead...
2025-12-04 16:06:39,188 [INFO ]  Found one matching ENST (ENST00000641515 - chr1:65419-71585) for SYMBOL OR4F5... proceeding...
2025-12-04 16:06:39,189 [INFO ]  Found ENST00000641515 in chunk chr1_chunk1 (chromosome(s): {'1'})
2025-12-04 16:06:39,195 [WARNI]  gene_id – MATN1 – does not look like an ENST value, searching for symbol instead...
2025-12-04 16:06:39,195 [INFO ]  Found one matching ENST (ENST00000373765 - chr1:30711277-30723585) for SYMBOL MATN1... proceeding...
2025-12-04 16:06:39,202 [INFO ]  Found ENST00000373765 in chunk chr1_chunk2 (chromosome(s): {'1'})
2025-12-04 16:06:43,890 [INFO ]  Loading tarball prefix: HC_PTV-MAF_001
2025-12-04 16:06:43,894 [INFO ]  Loading tarball prefix: HC_PTV-MAF_001
2025-12-04 16:06:44,910 [INFO ]  Finished loading tarball prefix: HC_PTV-MAF_001
2025-12-04 16:06:44,960 [INFO ]  Finished loading tarball prefix: HC_PTV-MAF_001
2025-12-04 16:06:52,799 [INFO ]  Processing gene ENST00000641515 with 52 variants
2025-12-04 16:06:52,805 [INFO ]  Processing gene ENST00000373765 with 6 variants
2025-12-04 16:07:15,766 [WARNI]  gene_id – OR4F5 – does not look like an ENST value, searching for symbol instead...
2025-12-04 16:07:15,769 [INFO ]  Found one matching ENST (ENST00000641515 - chr1:65419-71585) for SYMBOL OR4F5... proceeding...
2025-12-04 16:07:15,770 [INFO ]  Found ENST00000641515 in chunk chr1_chunk1 (chromosome(s): {'1'})
2025-12-04 16:07:15,777 [WARNI]  gene_id – MATN1 – does not look like an ENST value, searching for symbol instead...
2025-12-04 16:07:15,777 [INFO ]  Found one matching ENST (ENST00000373765 - chr1:30711277-30723585) for SYMBOL MATN1... proceeding...
2025-12-04 16:07:15,785 [INFO ]  Found ENST00000373765 in chunk chr1_chunk2 (chromosome(s): {'1'})
2025-12-04 16:07:20,565 [INFO ]  Loading tarball prefix: HC_PTV-MAF_001
2025-12-04 16:07:20,566 [INFO ]  Loading tarball prefix: HC_PTV-MAF_001
2025-12-04 16:07:21,533 [INFO ]  Finished loading tarball prefix: HC_PTV-MAF_001
2025-12-04 16:07:21,583 [INFO ]  Finished loading tarball prefix: HC_PTV-MAF_001
2025-12-04 16:07:29,248 [INFO ]  Processing gene ENST00000641515 with 52 variants
2025-12-04 16:07:29,249 [INFO ]  Processing gene ENST00000373765 with 6 variants
